// Jest Snapshot v1, https://goo.gl/fbAQLP

exports[`renders correctly 1`] = `
<div
  className="ff-react-create-element"
  id="ff-react-create-element-id"
>
  Hello World! (React Create Element component)
</div>
`;
