// Jest Snapshot v1, https://goo.gl/fbAQLP

exports[`renders correctly 1`] = `
<div
  className="sorting"
>
  <div>
    7 movies found
  </div>
  <div>
    <span>
      Sort by
    </span>
    <button
      className="sorting__button"
      onClick={[Function]}
      type="button"
    >
      release date
    </button>
    <button
      className="sorting__button"
      onClick={[Function]}
      type="button"
    >
      rating
    </button>
  </div>
</div>
`;
